[0.013s] Invoking command in '/home/elec330-admin/PaDy-bipedal-robot/build/pady_robot': CMAKE_PREFIX_PATH=${CMAKE_PREFIX_PATH}:/opt/ros/jazzy DEBUGINFOD_URLS=https://debuginfod.ubuntu.com /usr/bin/cmake /home/elec330-admin/PaDy-bipedal-robot -DCMAKE_INSTALL_PREFIX=/home/elec330-admin/PaDy-bipedal-robot/install/pady_robot
[0.211s] -- The C compiler identification is GNU 13.3.0
[0.333s] -- The CXX compiler identification is GNU 13.3.0
[0.356s] -- Detecting C compiler ABI info
[0.457s] -- Detecting C compiler ABI info - done
[0.467s] -- Check for working C compiler: /usr/bin/cc - skipped
[0.467s] -- Detecting C compile features
[0.468s] -- Detecting C compile features - done
[0.478s] -- Detecting CXX compiler ABI info
[0.585s] -- Detecting CXX compiler ABI info - done
[0.595s] -- Check for working CXX compiler: /usr/bin/c++ - skipped
[0.595s] -- Detecting CXX compile features
[0.596s] -- Detecting CXX compile features - done
[0.615s] -- Found ament_cmake: 2.5.5 (/opt/ros/jazzy/share/ament_cmake/cmake)
[0.780s] -- Found Python3: /usr/bin/python3 (found version "3.12.3") found components: Interpreter 
[1.014s] -- Configuring done (1.0s)
[1.017s] -- Generating done (0.0s)
[1.019s] -- Build files have been written to: /home/elec330-admin/PaDy-bipedal-robot/build/pady_robot
[1.024s] Invoked command in '/home/elec330-admin/PaDy-bipedal-robot/build/pady_robot' returned '0': CMAKE_PREFIX_PATH=${CMAKE_PREFIX_PATH}:/opt/ros/jazzy DEBUGINFOD_URLS=https://debuginfod.ubuntu.com /usr/bin/cmake /home/elec330-admin/PaDy-bipedal-robot -DCMAKE_INSTALL_PREFIX=/home/elec330-admin/PaDy-bipedal-robot/install/pady_robot
[1.025s] Invoking command in '/home/elec330-admin/PaDy-bipedal-robot/build/pady_robot': CMAKE_PREFIX_PATH=${CMAKE_PREFIX_PATH}:/opt/ros/jazzy DEBUGINFOD_URLS=https://debuginfod.ubuntu.com /usr/bin/cmake --build /home/elec330-admin/PaDy-bipedal-robot/build/pady_robot -- -j4 -l4
[1.068s] Invoked command in '/home/elec330-admin/PaDy-bipedal-robot/build/pady_robot' returned '0': CMAKE_PREFIX_PATH=${CMAKE_PREFIX_PATH}:/opt/ros/jazzy DEBUGINFOD_URLS=https://debuginfod.ubuntu.com /usr/bin/cmake --build /home/elec330-admin/PaDy-bipedal-robot/build/pady_robot -- -j4 -l4
[1.080s] Invoking command in '/home/elec330-admin/PaDy-bipedal-robot/build/pady_robot': CMAKE_PREFIX_PATH=${CMAKE_PREFIX_PATH}:/opt/ros/jazzy DEBUGINFOD_URLS=https://debuginfod.ubuntu.com /usr/bin/cmake --install /home/elec330-admin/PaDy-bipedal-robot/build/pady_robot
[1.089s] -- Install configuration: ""
[1.089s] -- Installing: /home/elec330-admin/PaDy-bipedal-robot/install/pady_robot/share/pady_robot/urdf
[1.089s] -- Installing: /home/elec330-admin/PaDy-bipedal-robot/install/pady_robot/share/pady_robot/urdf/pady.urdf
[1.089s] -- Installing: /home/elec330-admin/PaDy-bipedal-robot/install/pady_robot/share/pady_robot/meshes
[1.089s] -- Installing: /home/elec330-admin/PaDy-bipedal-robot/install/pady_robot/share/pady_robot/meshes/visual
[1.089s] -- Installing: /home/elec330-admin/PaDy-bipedal-robot/install/pady_robot/share/pady_robot/meshes/visual/right_foot.stl
[1.090s] -- Installing: /home/elec330-admin/PaDy-bipedal-robot/install/pady_robot/share/pady_robot/meshes/visual/thigh_right.stl
[1.090s] -- Installing: /home/elec330-admin/PaDy-bipedal-robot/install/pady_robot/share/pady_robot/meshes/visual/shin_left.stl
[1.090s] -- Installing: /home/elec330-admin/PaDy-bipedal-robot/install/pady_robot/share/pady_robot/meshes/visual/shin_right.stl
[1.090s] -- Installing: /home/elec330-admin/PaDy-bipedal-robot/install/pady_robot/share/pady_robot/meshes/visual/left_foot.stl
[1.090s] -- Installing: /home/elec330-admin/PaDy-bipedal-robot/install/pady_robot/share/pady_robot/meshes/visual/base_link.stl
[1.090s] -- Installing: /home/elec330-admin/PaDy-bipedal-robot/install/pady_robot/share/pady_robot/meshes/visual/thigh_left.stl
[1.090s] -- Installing: /home/elec330-admin/PaDy-bipedal-robot/install/pady_robot/share/pady_robot/worlds
[1.090s] -- Installing: /home/elec330-admin/PaDy-bipedal-robot/install/pady_robot/share/pady_robot/worlds/slope_3deg.sdf
[1.090s] -- Installing: /home/elec330-admin/PaDy-bipedal-robot/install/pady_robot/share/pady_robot/launch
[1.090s] -- Installing: /home/elec330-admin/PaDy-bipedal-robot/install/pady_robot/share/pady_robot/launch/spawn_pady.launch.py
[1.091s] [31mCMake Error at cmake_install.cmake:46 (file):
[1.091s]   file INSTALL cannot find "/home/elec330-admin/PaDy-bipedal-robot/config":
[1.091s]   No such file or directory.
[1.091s] 
[1.091s] [0m
[1.093s] Invoked command in '/home/elec330-admin/PaDy-bipedal-robot/build/pady_robot' returned '1': CMAKE_PREFIX_PATH=${CMAKE_PREFIX_PATH}:/opt/ros/jazzy DEBUGINFOD_URLS=https://debuginfod.ubuntu.com /usr/bin/cmake --install /home/elec330-admin/PaDy-bipedal-robot/build/pady_robot
