[0.119s] DEBUG:colcon:Command line arguments: ['/usr/bin/colcon', 'build', '--packages-select', 'pady_robot']
[0.119s] DEBUG:colcon:Parsed command line arguments: Namespace(log_base=None, log_level=None, verb_name='build', build_base='build', install_base='install', merge_install=False, symlink_install=False, test_result_base=None, continue_on_error=False, executor='parallel', parallel_workers=4, event_handlers=None, ignore_user_meta=False, metas=['./colcon.meta'], base_paths=['.'], packages_ignore=None, packages_ignore_regex=None, paths=None, packages_up_to=None, packages_up_to_regex=None, packages_above=None, packages_above_and_dependencies=None, packages_above_depth=None, packages_select_by_dep=None, packages_skip_by_dep=None, packages_skip_up_to=None, packages_select_build_failed=False, packages_skip_build_finished=False, packages_select_test_failures=False, packages_skip_test_passed=False, packages_select=['pady_robot'], packages_skip=None, packages_select_regex=None, packages_skip_regex=None, packages_start=None, packages_end=None, allow_overriding=[], cmake_args=None, cmake_target=None, cmake_target_skip_unavailable=False, cmake_clean_cache=False, cmake_clean_first=False, cmake_force_configure=False, ament_cmake_args=None, catkin_cmake_args=None, catkin_skip_building_tests=False, mixin_files=None, mixin=None, verb_parser=<colcon_mixin.mixin.mixin_argument.MixinArgumentDecorator object at 0x7e805ca48dd0>, verb_extension=<colcon_core.verb.build.BuildVerb object at 0x7e805cbccfb0>, main=<bound method BuildVerb.main of <colcon_core.verb.build.BuildVerb object at 0x7e805cbccfb0>>, mixin_verb=('build',))
[0.160s] Level 1:colcon.colcon_core.package_discovery:discover_packages(colcon_meta) check parameters
[0.160s] Level 1:colcon.colcon_core.package_discovery:discover_packages(recursive) check parameters
[0.160s] Level 1:colcon.colcon_core.package_discovery:discover_packages(ignore) check parameters
[0.160s] Level 1:colcon.colcon_core.package_discovery:discover_packages(path) check parameters
[0.160s] Level 1:colcon.colcon_core.package_discovery:discover_packages(colcon_meta) discover
[0.160s] Level 1:colcon.colcon_core.package_discovery:discover_packages(recursive) discover
[0.160s] INFO:colcon.colcon_core.package_discovery:Crawling recursively for packages in '/home/elec330-admin/ros2_ws/src/pady_robot'
[0.160s] Level 1:colcon.colcon_core.package_identification:_identify(.) by extensions ['ignore', 'ignore_ament_install']
[0.161s] Level 1:colcon.colcon_core.package_identification:_identify(.) by extension 'ignore'
[0.161s] Level 1:colcon.colcon_core.package_identification:_identify(.) by extension 'ignore_ament_install'
[0.161s] Level 1:colcon.colcon_core.package_identification:_identify(.) by extensions ['colcon_pkg']
[0.161s] Level 1:colcon.colcon_core.package_identification:_identify(.) by extension 'colcon_pkg'
[0.161s] Level 1:colcon.colcon_core.package_identification:_identify(.) by extensions ['colcon_meta']
[0.161s] Level 1:colcon.colcon_core.package_identification:_identify(.) by extension 'colcon_meta'
[0.161s] Level 1:colcon.colcon_core.package_identification:_identify(.) by extensions ['ros']
[0.161s] Level 1:colcon.colcon_core.package_identification:_identify(.) by extension 'ros'
[0.190s] DEBUG:colcon.colcon_core.package_identification:Package '.' with type 'ros.ament_cmake' and name 'pady_robot'
[0.190s] Level 1:colcon.colcon_core.package_discovery:discover_packages(recursive) using defaults
[0.190s] Level 1:colcon.colcon_core.package_discovery:discover_packages(ignore) discover
[0.190s] Level 1:colcon.colcon_core.package_discovery:discover_packages(ignore) using defaults
[0.190s] Level 1:colcon.colcon_core.package_discovery:discover_packages(path) discover
[0.190s] Level 1:colcon.colcon_core.package_discovery:discover_packages(path) using defaults
[0.207s] Level 1:colcon.colcon_core.package_discovery:discover_packages(prefix_path) check parameters
[0.207s] Level 1:colcon.colcon_core.package_discovery:discover_packages(prefix_path) discover
[0.208s] WARNING:colcon.colcon_ros.prefix_path.ament:The path '/home/elec330-admin/ros2_ws/install/pady_robot' in the environment variable AMENT_PREFIX_PATH doesn't exist
[0.208s] WARNING:colcon.colcon_ros.prefix_path.catkin:The path '/home/elec330-admin/ros2_ws/install/pady_robot' in the environment variable CMAKE_PREFIX_PATH doesn't exist
[0.209s] DEBUG:colcon.colcon_installed_package_information.package_discovery:Found 0 installed packages in /home/elec330-admin/ros2_ws/install
[0.211s] DEBUG:colcon.colcon_installed_package_information.package_discovery:Found 354 installed packages in /opt/ros/jazzy
[0.212s] Level 1:colcon.colcon_core.package_discovery:discover_packages(prefix_path) using defaults
[0.267s] Level 5:colcon.colcon_core.verb:set package 'pady_robot' build argument 'cmake_args' from command line to 'None'
[0.267s] Level 5:colcon.colcon_core.verb:set package 'pady_robot' build argument 'cmake_target' from command line to 'None'
[0.267s] Level 5:colcon.colcon_core.verb:set package 'pady_robot' build argument 'cmake_target_skip_unavailable' from command line to 'False'
[0.267s] Level 5:colcon.colcon_core.verb:set package 'pady_robot' build argument 'cmake_clean_cache' from command line to 'False'
[0.267s] Level 5:colcon.colcon_core.verb:set package 'pady_robot' build argument 'cmake_clean_first' from command line to 'False'
[0.267s] Level 5:colcon.colcon_core.verb:set package 'pady_robot' build argument 'cmake_force_configure' from command line to 'False'
[0.267s] Level 5:colcon.colcon_core.verb:set package 'pady_robot' build argument 'ament_cmake_args' from command line to 'None'
[0.267s] Level 5:colcon.colcon_core.verb:set package 'pady_robot' build argument 'catkin_cmake_args' from command line to 'None'
[0.267s] Level 5:colcon.colcon_core.verb:set package 'pady_robot' build argument 'catkin_skip_building_tests' from command line to 'False'
[0.267s] DEBUG:colcon.colcon_core.verb:Building package 'pady_robot' with the following arguments: {'ament_cmake_args': None, 'build_base': '/home/elec330-admin/ros2_ws/src/pady_robot/build/pady_robot', 'catkin_cmake_args': None, 'catkin_skip_building_tests': False, 'cmake_args': None, 'cmake_clean_cache': False, 'cmake_clean_first': False, 'cmake_force_configure': False, 'cmake_target': None, 'cmake_target_skip_unavailable': False, 'install_base': '/home/elec330-admin/ros2_ws/src/pady_robot/install/pady_robot', 'merge_install': False, 'path': '/home/elec330-admin/ros2_ws/src/pady_robot', 'symlink_install': False, 'test_result_base': None}
[0.268s] INFO:colcon.colcon_core.executor:Executing jobs using 'parallel' executor
[0.268s] DEBUG:colcon.colcon_parallel_executor.executor.parallel:run_until_complete
[0.269s] INFO:colcon.colcon_ros.task.ament_cmake.build:Building ROS package in '/home/elec330-admin/ros2_ws/src/pady_robot' with build type 'ament_cmake'
[0.269s] INFO:colcon.colcon_cmake.task.cmake.build:Building CMake package in '/home/elec330-admin/ros2_ws/src/pady_robot'
[0.270s] INFO:colcon.colcon_core.plugin_system:Skipping extension 'colcon_core.shell.bat': Not used on non-Windows systems
[0.271s] INFO:colcon.colcon_core.shell:Skip shell extension 'powershell' for command environment: Not usable outside of PowerShell
[0.271s] DEBUG:colcon.colcon_core.shell:Skip shell extension 'dsv' for command environment
[0.280s] DEBUG:colcon.colcon_core.event_handler.log_command:Invoking command in '/home/elec330-admin/ros2_ws/src/pady_robot/build/pady_robot': CMAKE_PREFIX_PATH=${CMAKE_PREFIX_PATH}:/opt/ros/jazzy DEBUGINFOD_URLS=https://debuginfod.ubuntu.com /usr/bin/cmake /home/elec330-admin/ros2_ws/src/pady_robot -DCMAKE_INSTALL_PREFIX=/home/elec330-admin/ros2_ws/src/pady_robot/install/pady_robot
[1.409s] DEBUG:colcon.colcon_core.event_handler.log_command:Invoked command in '/home/elec330-admin/ros2_ws/src/pady_robot/build/pady_robot' returned '0': CMAKE_PREFIX_PATH=${CMAKE_PREFIX_PATH}:/opt/ros/jazzy DEBUGINFOD_URLS=https://debuginfod.ubuntu.com /usr/bin/cmake /home/elec330-admin/ros2_ws/src/pady_robot -DCMAKE_INSTALL_PREFIX=/home/elec330-admin/ros2_ws/src/pady_robot/install/pady_robot
[1.410s] DEBUG:colcon.colcon_core.event_handler.log_command:Invoking command in '/home/elec330-admin/ros2_ws/src/pady_robot/build/pady_robot': CMAKE_PREFIX_PATH=${CMAKE_PREFIX_PATH}:/opt/ros/jazzy DEBUGINFOD_URLS=https://debuginfod.ubuntu.com /usr/bin/cmake --build /home/elec330-admin/ros2_ws/src/pady_robot/build/pady_robot -- -j4 -l4
[1.453s] DEBUG:colcon.colcon_core.event_handler.log_command:Invoked command in '/home/elec330-admin/ros2_ws/src/pady_robot/build/pady_robot' returned '0': CMAKE_PREFIX_PATH=${CMAKE_PREFIX_PATH}:/opt/ros/jazzy DEBUGINFOD_URLS=https://debuginfod.ubuntu.com /usr/bin/cmake --build /home/elec330-admin/ros2_ws/src/pady_robot/build/pady_robot -- -j4 -l4
[1.464s] DEBUG:colcon.colcon_core.event_handler.log_command:Invoking command in '/home/elec330-admin/ros2_ws/src/pady_robot/build/pady_robot': CMAKE_PREFIX_PATH=${CMAKE_PREFIX_PATH}:/opt/ros/jazzy DEBUGINFOD_URLS=https://debuginfod.ubuntu.com /usr/bin/cmake --install /home/elec330-admin/ros2_ws/src/pady_robot/build/pady_robot
[1.480s] Level 1:colcon.colcon_core.environment:create_environment_scripts_only(pady_robot)
[1.480s] DEBUG:colcon.colcon_core.event_handler.log_command:Invoked command in '/home/elec330-admin/ros2_ws/src/pady_robot/build/pady_robot' returned '0': CMAKE_PREFIX_PATH=${CMAKE_PREFIX_PATH}:/opt/ros/jazzy DEBUGINFOD_URLS=https://debuginfod.ubuntu.com /usr/bin/cmake --install /home/elec330-admin/ros2_ws/src/pady_robot/build/pady_robot
[1.482s] Level 1:colcon.colcon_core.environment:checking '/home/elec330-admin/ros2_ws/src/pady_robot/install/pady_robot' for CMake module files
[1.483s] Level 1:colcon.colcon_core.environment:checking '/home/elec330-admin/ros2_ws/src/pady_robot/install/pady_robot' for CMake config files
[1.483s] Level 1:colcon.colcon_core.shell:create_environment_hook('pady_robot', 'cmake_prefix_path')
[1.483s] INFO:colcon.colcon_core.shell:Creating environment hook '/home/elec330-admin/ros2_ws/src/pady_robot/install/pady_robot/share/pady_robot/hook/cmake_prefix_path.ps1'
[1.484s] INFO:colcon.colcon_core.shell:Creating environment descriptor '/home/elec330-admin/ros2_ws/src/pady_robot/install/pady_robot/share/pady_robot/hook/cmake_prefix_path.dsv'
[1.484s] INFO:colcon.colcon_core.shell:Creating environment hook '/home/elec330-admin/ros2_ws/src/pady_robot/install/pady_robot/share/pady_robot/hook/cmake_prefix_path.sh'
[1.485s] Level 1:colcon.colcon_core.environment:checking '/home/elec330-admin/ros2_ws/src/pady_robot/install/pady_robot/bin'
[1.485s] Level 1:colcon.colcon_core.environment:checking '/home/elec330-admin/ros2_ws/src/pady_robot/install/pady_robot/lib/pkgconfig/pady_robot.pc'
[1.485s] Level 1:colcon.colcon_core.environment:checking '/home/elec330-admin/ros2_ws/src/pady_robot/install/pady_robot/lib/python3.12/site-packages'
[1.486s] Level 1:colcon.colcon_core.environment:checking '/home/elec330-admin/ros2_ws/src/pady_robot/install/pady_robot/bin'
[1.486s] INFO:colcon.colcon_core.shell:Creating package script '/home/elec330-admin/ros2_ws/src/pady_robot/install/pady_robot/share/pady_robot/package.ps1'
[1.487s] INFO:colcon.colcon_core.shell:Creating package descriptor '/home/elec330-admin/ros2_ws/src/pady_robot/install/pady_robot/share/pady_robot/package.dsv'
[1.487s] INFO:colcon.colcon_core.shell:Creating package script '/home/elec330-admin/ros2_ws/src/pady_robot/install/pady_robot/share/pady_robot/package.sh'
[1.488s] INFO:colcon.colcon_core.shell:Creating package script '/home/elec330-admin/ros2_ws/src/pady_robot/install/pady_robot/share/pady_robot/package.bash'
[1.488s] INFO:colcon.colcon_core.shell:Creating package script '/home/elec330-admin/ros2_ws/src/pady_robot/install/pady_robot/share/pady_robot/package.zsh'
[1.489s] Level 1:colcon.colcon_core.environment:create_file_with_runtime_dependencies(/home/elec330-admin/ros2_ws/src/pady_robot/install/pady_robot/share/colcon-core/packages/pady_robot)
[1.489s] Level 1:colcon.colcon_core.environment:create_environment_scripts_only(pady_robot)
[1.489s] Level 1:colcon.colcon_core.environment:checking '/home/elec330-admin/ros2_ws/src/pady_robot/install/pady_robot' for CMake module files
[1.490s] Level 1:colcon.colcon_core.environment:checking '/home/elec330-admin/ros2_ws/src/pady_robot/install/pady_robot' for CMake config files
[1.490s] Level 1:colcon.colcon_core.shell:create_environment_hook('pady_robot', 'cmake_prefix_path')
[1.490s] INFO:colcon.colcon_core.shell:Creating environment hook '/home/elec330-admin/ros2_ws/src/pady_robot/install/pady_robot/share/pady_robot/hook/cmake_prefix_path.ps1'
[1.491s] INFO:colcon.colcon_core.shell:Creating environment descriptor '/home/elec330-admin/ros2_ws/src/pady_robot/install/pady_robot/share/pady_robot/hook/cmake_prefix_path.dsv'
[1.491s] INFO:colcon.colcon_core.shell:Creating environment hook '/home/elec330-admin/ros2_ws/src/pady_robot/install/pady_robot/share/pady_robot/hook/cmake_prefix_path.sh'
[1.492s] Level 1:colcon.colcon_core.environment:checking '/home/elec330-admin/ros2_ws/src/pady_robot/install/pady_robot/bin'
[1.492s] Level 1:colcon.colcon_core.environment:checking '/home/elec330-admin/ros2_ws/src/pady_robot/install/pady_robot/lib/pkgconfig/pady_robot.pc'
[1.492s] Level 1:colcon.colcon_core.environment:checking '/home/elec330-admin/ros2_ws/src/pady_robot/install/pady_robot/lib/python3.12/site-packages'
[1.492s] Level 1:colcon.colcon_core.environment:checking '/home/elec330-admin/ros2_ws/src/pady_robot/install/pady_robot/bin'
[1.492s] INFO:colcon.colcon_core.shell:Creating package script '/home/elec330-admin/ros2_ws/src/pady_robot/install/pady_robot/share/pady_robot/package.ps1'
[1.493s] INFO:colcon.colcon_core.shell:Creating package descriptor '/home/elec330-admin/ros2_ws/src/pady_robot/install/pady_robot/share/pady_robot/package.dsv'
[1.493s] INFO:colcon.colcon_core.shell:Creating package script '/home/elec330-admin/ros2_ws/src/pady_robot/install/pady_robot/share/pady_robot/package.sh'
[1.494s] INFO:colcon.colcon_core.shell:Creating package script '/home/elec330-admin/ros2_ws/src/pady_robot/install/pady_robot/share/pady_robot/package.bash'
[1.494s] INFO:colcon.colcon_core.shell:Creating package script '/home/elec330-admin/ros2_ws/src/pady_robot/install/pady_robot/share/pady_robot/package.zsh'
[1.494s] Level 1:colcon.colcon_core.environment:create_file_with_runtime_dependencies(/home/elec330-admin/ros2_ws/src/pady_robot/install/pady_robot/share/colcon-core/packages/pady_robot)
[1.495s] DEBUG:colcon.colcon_parallel_executor.executor.parallel:closing loop
[1.495s] DEBUG:colcon.colcon_parallel_executor.executor.parallel:loop closed
[1.495s] DEBUG:colcon.colcon_parallel_executor.executor.parallel:run_until_complete finished with '0'
[1.495s] DEBUG:colcon.colcon_core.event_reactor:joining thread
[1.500s] INFO:colcon.colcon_core.plugin_system:Skipping extension 'colcon_notification.desktop_notification.terminal_notifier': Not used on non-Darwin systems
[1.500s] INFO:colcon.colcon_core.plugin_system:Skipping extension 'colcon_notification.desktop_notification.win32': Not used on non-Windows systems
[1.500s] INFO:colcon.colcon_notification.desktop_notification:Sending desktop notification using 'notify2'
[1.511s] DEBUG:colcon.colcon_core.event_reactor:joined thread
[1.511s] INFO:colcon.colcon_core.shell:Creating prefix script '/home/elec330-admin/ros2_ws/src/pady_robot/install/local_setup.ps1'
[1.512s] INFO:colcon.colcon_core.shell:Creating prefix util module '/home/elec330-admin/ros2_ws/src/pady_robot/install/_local_setup_util_ps1.py'
[1.513s] INFO:colcon.colcon_core.shell:Creating prefix chain script '/home/elec330-admin/ros2_ws/src/pady_robot/install/setup.ps1'
[1.513s] INFO:colcon.colcon_core.shell:Creating prefix script '/home/elec330-admin/ros2_ws/src/pady_robot/install/local_setup.sh'
[1.514s] INFO:colcon.colcon_core.shell:Creating prefix util module '/home/elec330-admin/ros2_ws/src/pady_robot/install/_local_setup_util_sh.py'
[1.515s] INFO:colcon.colcon_core.shell:Creating prefix chain script '/home/elec330-admin/ros2_ws/src/pady_robot/install/setup.sh'
[1.515s] INFO:colcon.colcon_core.shell:Creating prefix script '/home/elec330-admin/ros2_ws/src/pady_robot/install/local_setup.bash'
[1.516s] INFO:colcon.colcon_core.shell:Creating prefix chain script '/home/elec330-admin/ros2_ws/src/pady_robot/install/setup.bash'
[1.517s] INFO:colcon.colcon_core.shell:Creating prefix script '/home/elec330-admin/ros2_ws/src/pady_robot/install/local_setup.zsh'
[1.517s] INFO:colcon.colcon_core.shell:Creating prefix chain script '/home/elec330-admin/ros2_ws/src/pady_robot/install/setup.zsh'
