[0.013s] Invoking command in '/home/elec330-admin/PaDy-bipedal-robot/build/pady_robot': CMAKE_PREFIX_PATH=${CMAKE_PREFIX_PATH}:/opt/ros/jazzy DEBUGINFOD_URLS=https://debuginfod.ubuntu.com /usr/bin/cmake --build /home/elec330-admin/PaDy-bipedal-robot/build/pady_robot -- -j4 -l4
[0.046s] -- Found ament_cmake: 2.5.5 (/opt/ros/jazzy/share/ament_cmake/cmake)
[0.372s] -- Configuring done (0.3s)
[0.376s] -- Generating done (0.0s)
[0.378s] -- Build files have been written to: /home/elec330-admin/PaDy-bipedal-robot/build/pady_robot
[0.403s] Invoked command in '/home/elec330-admin/PaDy-bipedal-robot/build/pady_robot' returned '0': CMAKE_PREFIX_PATH=${CMAKE_PREFIX_PATH}:/opt/ros/jazzy DEBUGINFOD_URLS=https://debuginfod.ubuntu.com /usr/bin/cmake --build /home/elec330-admin/PaDy-bipedal-robot/build/pady_robot -- -j4 -l4
[0.414s] Invoking command in '/home/elec330-admin/PaDy-bipedal-robot/build/pady_robot': CMAKE_PREFIX_PATH=${CMAKE_PREFIX_PATH}:/opt/ros/jazzy DEBUGINFOD_URLS=https://debuginfod.ubuntu.com /usr/bin/cmake --install /home/elec330-admin/PaDy-bipedal-robot/build/pady_robot
[0.424s] -- Install configuration: ""
[0.424s] -- Up-to-date: /home/elec330-admin/PaDy-bipedal-robot/install/pady_robot/share/pady_robot/urdf
[0.424s] -- Installing: /home/elec330-admin/PaDy-bipedal-robot/install/pady_robot/share/pady_robot/urdf/pady.urdf
[0.424s] -- Up-to-date: /home/elec330-admin/PaDy-bipedal-robot/install/pady_robot/share/pady_robot/meshes
[0.424s] -- Up-to-date: /home/elec330-admin/PaDy-bipedal-robot/install/pady_robot/share/pady_robot/meshes/visual
[0.424s] -- Up-to-date: /home/elec330-admin/PaDy-bipedal-robot/install/pady_robot/share/pady_robot/meshes/visual/right_foot.stl
[0.424s] -- Up-to-date: /home/elec330-admin/PaDy-bipedal-robot/install/pady_robot/share/pady_robot/meshes/visual/thigh_right.stl
[0.425s] -- Up-to-date: /home/elec330-admin/PaDy-bipedal-robot/install/pady_robot/share/pady_robot/meshes/visual/shin_left.stl
[0.425s] -- Up-to-date: /home/elec330-admin/PaDy-bipedal-robot/install/pady_robot/share/pady_robot/meshes/visual/shin_right.stl
[0.425s] -- Up-to-date: /home/elec330-admin/PaDy-bipedal-robot/install/pady_robot/share/pady_robot/meshes/visual/left_foot.stl
[0.425s] -- Up-to-date: /home/elec330-admin/PaDy-bipedal-robot/install/pady_robot/share/pady_robot/meshes/visual/base_link.stl
[0.425s] -- Up-to-date: /home/elec330-admin/PaDy-bipedal-robot/install/pady_robot/share/pady_robot/meshes/visual/thigh_left.stl
[0.425s] -- Up-to-date: /home/elec330-admin/PaDy-bipedal-robot/install/pady_robot/share/pady_robot/worlds
[0.425s] -- Installing: /home/elec330-admin/PaDy-bipedal-robot/install/pady_robot/share/pady_robot/worlds/slope_3deg.sdf
[0.425s] -- Up-to-date: /home/elec330-admin/PaDy-bipedal-robot/install/pady_robot/share/pady_robot/launch
[0.425s] -- Installing: /home/elec330-admin/PaDy-bipedal-robot/install/pady_robot/share/pady_robot/launch/spawn_pady.launch.py
[0.425s] -- Installing: /home/elec330-admin/PaDy-bipedal-robot/install/pady_robot/share/ament_index/resource_index/package_run_dependencies/pady_robot
[0.426s] -- Installing: /home/elec330-admin/PaDy-bipedal-robot/install/pady_robot/share/ament_index/resource_index/parent_prefix_path/pady_robot
[0.426s] -- Installing: /home/elec330-admin/PaDy-bipedal-robot/install/pady_robot/share/pady_robot/environment/ament_prefix_path.sh
[0.426s] -- Installing: /home/elec330-admin/PaDy-bipedal-robot/install/pady_robot/share/pady_robot/environment/ament_prefix_path.dsv
[0.426s] -- Installing: /home/elec330-admin/PaDy-bipedal-robot/install/pady_robot/share/pady_robot/environment/path.sh
[0.426s] -- Installing: /home/elec330-admin/PaDy-bipedal-robot/install/pady_robot/share/pady_robot/environment/path.dsv
[0.427s] -- Installing: /home/elec330-admin/PaDy-bipedal-robot/install/pady_robot/share/pady_robot/local_setup.bash
[0.427s] -- Installing: /home/elec330-admin/PaDy-bipedal-robot/install/pady_robot/share/pady_robot/local_setup.sh
[0.427s] -- Installing: /home/elec330-admin/PaDy-bipedal-robot/install/pady_robot/share/pady_robot/local_setup.zsh
[0.427s] -- Installing: /home/elec330-admin/PaDy-bipedal-robot/install/pady_robot/share/pady_robot/local_setup.dsv
[0.427s] -- Up-to-date: /home/elec330-admin/PaDy-bipedal-robot/install/pady_robot/share/pady_robot/package.dsv
[0.427s] -- Installing: /home/elec330-admin/PaDy-bipedal-robot/install/pady_robot/share/ament_index/resource_index/packages/pady_robot
[0.427s] -- Installing: /home/elec330-admin/PaDy-bipedal-robot/install/pady_robot/share/pady_robot/cmake/pady_robotConfig.cmake
[0.427s] -- Installing: /home/elec330-admin/PaDy-bipedal-robot/install/pady_robot/share/pady_robot/cmake/pady_robotConfig-version.cmake
[0.428s] -- Installing: /home/elec330-admin/PaDy-bipedal-robot/install/pady_robot/share/pady_robot/package.xml
[0.429s] Invoked command in '/home/elec330-admin/PaDy-bipedal-robot/build/pady_robot' returned '0': CMAKE_PREFIX_PATH=${CMAKE_PREFIX_PATH}:/opt/ros/jazzy DEBUGINFOD_URLS=https://debuginfod.ubuntu.com /usr/bin/cmake --install /home/elec330-admin/PaDy-bipedal-robot/build/pady_robot
