-- Install configuration: ""
-- Up-to-date: /home/elec330-admin/ros2_ws/src/pady_robot/install/pady_robot/share/pady_robot/urdf
-- Installing: /home/elec330-admin/ros2_ws/src/pady_robot/install/pady_robot/share/pady_robot/urdf/pady_simplified.urdf
-- Up-to-date: /home/elec330-admin/ros2_ws/src/pady_robot/install/pady_robot/share/pady_robot/urdf/pady.urdf
-- Up-to-date: /home/elec330-admin/ros2_ws/src/pady_robot/install/pady_robot/share/pady_robot/meshes
-- Up-to-date: /home/elec330-admin/ros2_ws/src/pady_robot/install/pady_robot/share/pady_robot/meshes/visual
-- Up-to-date: /home/elec330-admin/ros2_ws/src/pady_robot/install/pady_robot/share/pady_robot/meshes/visual/right_foot.stl
-- Up-to-date: /home/elec330-admin/ros2_ws/src/pady_robot/install/pady_robot/share/pady_robot/meshes/visual/thigh_right.stl
-- Up-to-date: /home/elec330-admin/ros2_ws/src/pady_robot/install/pady_robot/share/pady_robot/meshes/visual/shin_left.stl
-- Up-to-date: /home/elec330-admin/ros2_ws/src/pady_robot/install/pady_robot/share/pady_robot/meshes/visual/shin_right.stl
-- Up-to-date: /home/elec330-admin/ros2_ws/src/pady_robot/install/pady_robot/share/pady_robot/meshes/visual/left_foot.stl
-- Up-to-date: /home/elec330-admin/ros2_ws/src/pady_robot/install/pady_robot/share/pady_robot/meshes/visual/base_link.stl
-- Up-to-date: /home/elec330-admin/ros2_ws/src/pady_robot/install/pady_robot/share/pady_robot/meshes/visual/thigh_left.stl
-- Up-to-date: /home/elec330-admin/ros2_ws/src/pady_robot/install/pady_robot/share/pady_robot/worlds
-- Up-to-date: /home/elec330-admin/ros2_ws/src/pady_robot/install/pady_robot/share/pady_robot/worlds/slope_3deg.sdf
-- Up-to-date: /home/elec330-admin/ros2_ws/src/pady_robot/install/pady_robot/share/pady_robot/launch
-- Up-to-date: /home/elec330-admin/ros2_ws/src/pady_robot/install/pady_robot/share/pady_robot/launch/spawn_pady.launch.py
-- Up-to-date: /home/elec330-admin/ros2_ws/src/pady_robot/install/pady_robot/share/pady_robot/config
-- Up-to-date: /home/elec330-admin/ros2_ws/src/pady_robot/install/pady_robot/share/pady_robot/config/bridge.yaml
-- Up-to-date: /home/elec330-admin/ros2_ws/src/pady_robot/install/pady_robot/share/ament_index/resource_index/package_run_dependencies/pady_robot
-- Up-to-date: /home/elec330-admin/ros2_ws/src/pady_robot/install/pady_robot/share/ament_index/resource_index/parent_prefix_path/pady_robot
-- Up-to-date: /home/elec330-admin/ros2_ws/src/pady_robot/install/pady_robot/share/pady_robot/environment/ament_prefix_path.sh
-- Up-to-date: /home/elec330-admin/ros2_ws/src/pady_robot/install/pady_robot/share/pady_robot/environment/ament_prefix_path.dsv
-- Up-to-date: /home/elec330-admin/ros2_ws/src/pady_robot/install/pady_robot/share/pady_robot/environment/path.sh
-- Up-to-date: /home/elec330-admin/ros2_ws/src/pady_robot/install/pady_robot/share/pady_robot/environment/path.dsv
-- Up-to-date: /home/elec330-admin/ros2_ws/src/pady_robot/install/pady_robot/share/pady_robot/local_setup.bash
-- Up-to-date: /home/elec330-admin/ros2_ws/src/pady_robot/install/pady_robot/share/pady_robot/local_setup.sh
-- Up-to-date: /home/elec330-admin/ros2_ws/src/pady_robot/install/pady_robot/share/pady_robot/local_setup.zsh
-- Up-to-date: /home/elec330-admin/ros2_ws/src/pady_robot/install/pady_robot/share/pady_robot/local_setup.dsv
-- Installing: /home/elec330-admin/ros2_ws/src/pady_robot/install/pady_robot/share/pady_robot/package.dsv
-- Up-to-date: /home/elec330-admin/ros2_ws/src/pady_robot/install/pady_robot/share/ament_index/resource_index/packages/pady_robot
-- Up-to-date: /home/elec330-admin/ros2_ws/src/pady_robot/install/pady_robot/share/pady_robot/cmake/pady_robotConfig.cmake
-- Up-to-date: /home/elec330-admin/ros2_ws/src/pady_robot/install/pady_robot/share/pady_robot/cmake/pady_robotConfig-version.cmake
-- Up-to-date: /home/elec330-admin/ros2_ws/src/pady_robot/install/pady_robot/share/pady_robot/package.xml
